// Jest Snapshot v1, https://goo.gl/fbAQLP

exports[`renders correctly 1`] = `
<div>
  <button
    onClick={[Function]}
  >
    polygon
  </button>
  <button
    onClick={[Function]}
  >
    box
  </button>
  <button
    onClick={[Function]}
  >
    cancel
  </button>
</div>
`;
